
Running 1 test using 1 worker

[1A[2K[1/1] [chromium] ΓÇ║ tests\e2e.spec.js:11:3 ΓÇ║ Workitu Tech E2E Flow ΓÇ║ Home Page Elements & Navigation
[1A[2K  1) [chromium] ΓÇ║ tests\e2e.spec.js:11:3 ΓÇ║ Workitu Tech E2E Flow ΓÇ║ Home Page Elements & Navigation ΓöÇ

    Error: [2mexpect([22m[31mlocator[39m[2m).[22mtoBeVisible[2m([22m[2m)[22m failed

    Locator: getByText('Where Imagination Meets Innovation')
    Expected: visible
    Error: strict mode violation: getByText('Where Imagination Meets Innovation') resolved to 2 elements:
        1) <p class="text-xl md:text-2xl text-gold-300 mb-4 fade-in">Where Imagination Meets Innovation</p> aka getByText('Where Imagination Meets Innovation', { exact: true })
        2) <p class="text-gold-300 text-sm">Where Imagination Meets Innovation. Creating digiΓÇª</p> aka getByText('Where Imagination Meets Innovation. Creating digital experiences that inspire')

    Call log:
    [2m  - Expect "toBeVisible" with timeout 5000ms[22m
    [2m  - waiting for getByText('Where Imagination Meets Innovation')[22m


      15 |     // Check Hero Text
      16 |     await expect(page.locator('h1')).toBeVisible();
    > 17 |     await expect(page.getByText('Where Imagination Meets Innovation')).toBeVisible();
         |                                                                        ^
      18 |
      19 |     // Check CTA
      20 |     const ctaButton = page.locator('a.btn-gold', { hasText: 'Start Your Story' });
        at D:\Projects\Workitu SIte 2026\tests\e2e.spec.js:17:72

    Error Context: test-results\e2e-Workitu-Tech-E2E-Flow-Home-Page-Elements-Navigation-chromium\error-context.md


[1A[2K  1 failed
    [chromium] ΓÇ║ tests\e2e.spec.js:11:3 ΓÇ║ Workitu Tech E2E Flow ΓÇ║ Home Page Elements & Navigation ΓöÇΓöÇ

[36m  Serving HTML report at http://localhost:60819. Press Ctrl+C to quit.[39m
